Test 1: match() function
--------------------------------------
  match() found: $42.50
  Group 1 (dollars): 42
  Group 2 (cents): 50

Test 2: split() function
--------------------------------------
  split() returned 4 items
  Item 0: apple
  Item 1: banana
  Item 2: cherry

Test 3: Auto-vivification
--------------------------------------
  Auto-vivified array created
  Element 0: 100
  Element 1: 200

Test 4: Pipeline-friendly functions
--------------------------------------
  Pipeline: text |> split(",") works!
  Result[1]: two
  Nested pipeline result[0]: 2

Test 5: Regex pattern matching
--------------------------------------
Found product line: product laptop 1200
Found product line: product mouse 25
Found issue: Warning: low stock detected
Found product line: product keyboard 75
Found issue: ERROR: connection failed
Found product line: product monitor 350
Pattern matching completed
