Test 1: Closures and lexical scope
  outer(20) = 35

Test 2: Global variables
  Initial global_counter: 0
  After increment_global(): 1
  After another increment_global(): 2

Test 3: Isolation - non-globals not visible
  Before calling check_isolation(), outer i = 5
  Inside check_isolation(), initial i was: 0
  After calling check_isolation(), outer i = 5
  (outer i unchanged, inner i was separate)

Test 4: Arrays passed by value (immutable)
  Before modify_array(), local_arr[0] = 10
  Before modify_array(), local_arr[1] = 20
  After modify_array(), local_arr[0] = 10
  After modify_array(), local_arr[1] = 20
  (local array unchanged - passed by value)

Test 5: Global arrays are mutable
  Before modify_global_array(), global_arr[0] = 50
  Before modify_global_array(), global_arr[1] = 60
  After modify_global_array(), global_arr[0] = 111
  After modify_global_array(), global_arr[1] = 222
  (global array changed - globals are mutable)
